{"schemaVersion":2,"mediaType":"application/vnd.oci.image.index.v1+json","manifests":[{"mediaType":"application/vnd.oci.image.manifest.v1+json","size":402,"digest":"sha256:e42af50bd66e8060653eb032153bc77d039807418ee4d80e0fbca5e3e5028926","platform":{"architecture":"amd64","os":"linux"}},{"mediaType":"application/vnd.oci.image.manifest.v1+json","size":402,"digest":"sha256:7e3a7384fe0243cc4b498cd54be2455fdcbb7aebd5eb94566926a5088868eef4","platform":{"architecture":"arm64","os":"linux"}}]}